// Jest Snapshot v1, https://goo.gl/fbAQLP

exports[`Loader should match snapshot 1`] = `
<styled.div>
  <Styled(AiOutlineLoading3Quarters) />
</styled.div>
`;
